A51 MACRO ASSEMBLER  PROGRAM                                                              01/23/2025 22:38:04 PAGE     1


MACRO ASSEMBLER A51 V8.2.7.0
OBJECT MODULE PLACED IN .\Objects\program.obj
ASSEMBLER INVOKED BY: E:\armKEIL\C51\BIN\A51.EXE program.a51 SET(SMALL) DEBUG PRINT(.\Listings\program.lst) OBJECT(.\Obj
                      ects\program.obj) EP

LOC  OBJ            LINE     SOURCE

                       1     ; Configura?ia unui ceas cu afi?aj pe 7 segmente, utilizând 8255A ?i 8253
                       2     ; Adrese de memorie:
                       3     ; 8255_0: PA = 8000h, PB = 8001h, PC = 8002h, CC = 8003h
                       4     ; 8255_1: PA = 8004h, PB = 8005h, PC = 8006h, CC = 8007h
                       5     ; 8253: Canal 0 = 8008h, CC = 800Bh
                       6     
                       7     ; Configura?ia unui ceas pentru 8051 cu circuitele 8255 ?i 8253
                       8     
                       9     ; CONSTANTE
                      10     ; Configura?ia unui ceas pentru 8051 cu circuitele 8255 ?i 8253
                      11     
                      12     ; CONSTANTE
                      13     ;Primul 8255 
  8000                14     P8255_0_PA EQU 8000H ;sec0
  8001                15     P8255_0_PB EQU 8001H ;sec 1
  8002                16     P8255_0_PC EQU 8002H; min0
  8003                17     P8255_0_CC EQU 8003H; 
                      18     ;al doilea 8255
  8004                19     P8255_1_PA EQU 8004H ;min1
  8005                20     P8255_1_PB EQU 8005H ;ore 0
  8006                21     P8255_1_PC EQU 8006H ;ore 1
  8007                22     P8255_1_CC EQU 8007H
                      23     
  8008                24     P8253_Canal0 EQU 8008h
  800B                25     P8253_CC     EQU 800Bh 
                      26             
  0080                27     CC_8255_0       EQU 80h         
  0080                28     CC_8255_1       EQU 80h
                      29             
  0034                30     CC_8253         EQU 34h    
  00CB                31     CT_LSB_8253     EQU 0CBh
  0000                32     CT_MSB_8253     EQU 00h
                      33     
                      34     
                      35     
                      36     ; SEC?IUNE COD
0000                  37     ORG 0H
0000 020100           38     LJMP START
                      39     
0003                  40     ORG 03h
0003 020200           41     LJMP RUTINA0
                      42     
0100                  43     ORG 100h
                      44     
0100                  45     START:
0100 C2AF             46        CLR IE.7       ;dezactivare globala a intreruperilor
0102 7800             47             MOV R0,#00h    ;contor pe 0
0104 D2A8             48             SETB IE.0      ;init Int0
0106 D288             49             SETB TCON.0  
                      50             
0108 908003           51             MOV DPTR,#P8255_0_CC    ;init primul circuit 8255 
010B 7480             52             MOV A,#CC_8255_0    
010D F0               53             MOVX @DPTR,A   
                      54             
010E 908007           55             MOV DPTR,#P8255_1_CC   ;init al doilea circuit 8255
0111 7480             56             MOV A,#CC_8255_1    
0113 F0               57             MOVX @DPTR,A    
A51 MACRO ASSEMBLER  PROGRAM                                                              01/23/2025 22:38:04 PAGE     2

                      58             
0114 90800B           59             MOV DPTR,#P8253_CC     ;init 8253
0117 7434             60             MOV A,#CC_8253 
0119 F0               61             MOVX @DPTR,A    
                      62             
011A 908008           63             MOV DPTR,#P8253_Canal0    
011D 74CB             64             MOV A,#CT_LSB_8253 
011F F0               65             MOVX @DPTR,A    
0120 7400             66             MOV A,#CT_MSB_8253    
0122 F0               67             MOVX @DPTR,A    
0123 D2AF             68             SETB IE.7   
0125 80FE             69         SJMP $
                      70         
0200                  71     ORG 200h
0200                  72     RUTINA0:
0200 08               73     INC R0    
0201 B80520           74             CJNE R0,#05h,afisare  
0204 7800             75             MOV R0,#00h     ;reinit contor
                      76             
0206 E9               77             MOV A,R1        ;SECUNDE
0207 2401             78             ADD A,#01h    
0209 D4               79             DA A            ;ajustare zecimala a adunarii pentru numere reprezentate in cod BCD
                             , – corecteaza
                      80                         ;rezultatul.Suma zecimala este depusa in acumulator, CY este setat daca
                              rez > 77.
020A F9               81             MOV R1,A                 ;A este salvat in R1
020B B96016           82             CJNE R1,#60h,afisare     ;daca rez din R1<60h se sare la afisare, daca rez=60h, se 
                             reinit R1 cu 0h
020E 7900             83             MOV R1,#00h    
                      84             
                      85             
0210 EA               86             MOV A,R2         ;MINUTE
0211 2401             87             ADD A,#01h   
0213 D4               88             DA A   
0214 FA               89             MOV R2,A   
0215 BA600C           90             CJNE R2,#60h,afisare   
0218 7A00             91             MOV R2,#00h    
                      92             
                      93             
021A EB               94             MOV A,R3         ;ORE
021B 2401             95             ADD A,#01h    
021D D4               96             DA A   
021E FB               97             MOV R3,A    
021F BB2402           98             CJNE R3,#24h,afisare   
0222 7B00             99             MOV R3,#00h    
                     100     
0224                 101     Afisare:
0224 908000          102         MOV DPTR,#P8255_0_PA
0227 E9              103             MOV A,R1  
0228 120300          104             LCALL Afisseg   
022B 908001          105             MOV DPTR,#P8255_0_PB 
022E E9              106             MOV A,R1  
022F C4              107             SWAP A    
0230 120300          108             LCALL Afisseg
0233 908002          109             MOV DPTR,#P8255_0_PC
0236 EA              110             MOV A,R2   
0237 120300          111             LCALL Afisseg
023A 908004          112             MOV DPTR,#P8255_1_PA
023D EA              113             MOV A,R2   
023E C4              114             SWAP A   
023F 120300          115             LCALL Afisseg  
0242 908005          116             MOV DPTR,#P8255_1_PB
0245 EB              117             MOV A,R3   
0246 120300          118             LCALL Afisseg
0249 908006          119             MOV DPTR,#P8255_1_PC 
024C EB              120             MOV A,R3  
A51 MACRO ASSEMBLER  PROGRAM                                                              01/23/2025 22:38:04 PAGE     3

024D C4              121             SWAP A   
024E 120300          122             LCALL Afisseg
0251 32              123             RETI
                     124             
                     125     
0300                 126     ORG 300h
0300                 127     Afisseg: 
0300 540F            128             ANL A,#0Fh 
0302 C082            129             PUSH DPL   
0304 C083            130             PUSH DPH  
0306 900310          131             MOV DPTR,#TABELHEX  
0309 93              132             MOVC A,@A+DPTR    
030A D083            133             POP DPH   
030C D082            134             POP DPL   
030E F0              135             MOVX @DPTR,A   
030F 22              136         RET
                     137     
0310                 138      TABELHEX:
0310 3F065B4F        139      DB 3Fh,06h,5Bh,4Fh,66h,6Dh,7Dh,07h,7Fh,6Fh
0314 666D7D07                
0318 7F6F                    
                     140      END
A51 MACRO ASSEMBLER  PROGRAM                                                              01/23/2025 22:38:04 PAGE     4

SYMBOL TABLE LISTING
------ ----- -------


N A M E             T Y P E  V A L U E   ATTRIBUTES

AFISARE. . . . . .  C ADDR   0224H   A   
AFISSEG. . . . . .  C ADDR   0300H   A   
CC_8253. . . . . .  N NUMB   0034H   A   
CC_8255_0. . . . .  N NUMB   0080H   A   
CC_8255_1. . . . .  N NUMB   0080H   A   
CT_LSB_8253. . . .  N NUMB   00CBH   A   
CT_MSB_8253. . . .  N NUMB   0000H   A   
DPH. . . . . . . .  D ADDR   0083H   A   
DPL. . . . . . . .  D ADDR   0082H   A   
IE . . . . . . . .  D ADDR   00A8H   A   
P8253_CANAL0 . . .  N NUMB   8008H   A   
P8253_CC . . . . .  N NUMB   800BH   A   
P8255_0_CC . . . .  N NUMB   8003H   A   
P8255_0_PA . . . .  N NUMB   8000H   A   
P8255_0_PB . . . .  N NUMB   8001H   A   
P8255_0_PC . . . .  N NUMB   8002H   A   
P8255_1_CC . . . .  N NUMB   8007H   A   
P8255_1_PA . . . .  N NUMB   8004H   A   
P8255_1_PB . . . .  N NUMB   8005H   A   
P8255_1_PC . . . .  N NUMB   8006H   A   
RUTINA0. . . . . .  C ADDR   0200H   A   
START. . . . . . .  C ADDR   0100H   A   
TABELHEX . . . . .  C ADDR   0310H   A   
TCON . . . . . . .  D ADDR   0088H   A   


REGISTER BANK(S) USED: 0 


ASSEMBLY COMPLETE.  0 WARNING(S), 0 ERROR(S)
